Microchip MPLAB XC8 Compiler V2.35

Linker command line:

-W-3 --edf=C:\Program Files\Microchip\xc8\v2.35\pic\dat\en_msgs.txt -cn \
  -h+dist/default/production\Lab10.X.production.sym \
  --cmf=dist/default/production\Lab10.X.production.cmf -z -Q16F887 \
  -oC:\Users\jorge\AppData\Local\Temp\xcAs8qs.4 --defsym=__MPLAB_BUILD=1 \
  -Mdist/default/production/Lab10.X.production.map \
  --md=C:\Users\jorge\AppData\Local\Temp\xcAs8qs.dat -E1 -ver=XC8 Compiler \
  --acfsm=1493 -ACODE=00h-07FFhx4 -ASTRCODE=00h-01FFFh -ASTRING=00h-0FFhx32 \
  -ACONST=00h-0FFhx32 -AENTRY=00h-0FFhx32 -ACOMMON=070h-07Fh \
  -ABANK0=020h-06Fh -ABANK1=0A0h-0EFh -ABANK2=0110h-016Fh \
  -ABANK3=0190h-01EFh -ARAM=020h-06Fh,0A0h-0EFh,0110h-016Fh,0190h-01EFh \
  -AABS1=020h-07Fh,0A0h-0EFh,0110h-016Fh,0190h-01EFh -ASFR0=00h-01Fh \
  -ASFR1=080h-09Fh -ASFR2=0100h-010Fh -ASFR3=0180h-018Fh \
  -ACONFIG=02007h-02008h -DCONFIG=2 -AIDLOC=02000h-02003h -DIDLOC=2 \
  -AEEDATA=00h-0FFh/02100h -peeprom_data=EEDATA -DEEDATA=2 -DCODE=2 \
  -DSTRCODE=2 -DSTRING=2 -DCONST=2 -DENTRY=2 \
  -preset_vec=00h,intentry=04h,init,end_init -ppowerup=CODE -pcinit=CODE \
  -pfunctab=ENTRY -k C:\Users\jorge\AppData\Local\Temp\xcAs8qs.o \
  dist/default/production\Lab10.X.production.o 

Object code version is 3.11

Machine type is 16F887



                Name                               Link     Load   Length Selector   Space Scale
C:\Users\jorge\AppData\Local\Temp\xcAs8qs.o
                end_init                             10       10        3        8       0
                reset_vec                             0        0        3        0       0
                config                             2007     2007        2        0       4
                idloc                              2000     2000        4        0       5
dist/default/production\Lab10.X.production.o
                cinit                                13       13        D        8       0
                intentry                              4        4        C        8       0
                config                             2007     2007        2        0       4
                idloc                              2000     2000        4        0       5
                text8                               368      368       26      2E4       0
                text7                               1E4      1E4       66      2E4       0
                text6                               342      342       26      2E4       0
                text5                               29A      29A       46      2E4       0
                text4                               2E0      2E0       3C      2E4       0
                text3                               172      172       72      2E4       0
                text2                               31C      31C       26      2E4       0
                text1                               24A      24A       50      2E4       0
                maintext                             20       20       CF        8       0
                cstackBANK0                          20       20       19       20       1
                cstackCOMMON                         70       70        8       70       1
                bssBANK0                             39       39        4       20       1
                bssCOMMON                            78       78        3       70       1
                strings                             100      100       72      200       0

TOTAL           Name                               Link     Load   Length     Space
        CLASS   CODE           
                end_init                             10       10        3         0
                cinit                                13       13        D         0
                intentry                              4        4        C         0
                reset_vec                             0        0        3         0
                text8                               368      368       26         0
                text7                               1E4      1E4       66         0
                text6                               342      342       26         0
                text5                               29A      29A       46         0
                text4                               2E0      2E0       3C         0
                text3                               172      172       72         0
                text2                               31C      31C       26         0
                text1                               24A      24A       50         0
                maintext                             20       20       CF         0

        CLASS   STRCODE        

        CLASS   STRING         
                strings                             100      100       72         0

        CLASS   CONST          

        CLASS   ENTRY          

        CLASS   COMMON         
                cstackCOMMON                         70       70        8         1
                bssCOMMON                            78       78        3         1

        CLASS   BANK0          
                cstackBANK0                          20       20       19         1
                bssBANK0                             39       39        4         1

        CLASS   BANK1          

        CLASS   BANK2          

        CLASS   BANK3          

        CLASS   RAM            

        CLASS   ABS1           
                abs_s1                               7E       7E        2         1

        CLASS   SFR0           

        CLASS   SFR1           

        CLASS   SFR2           

        CLASS   SFR3           

        CLASS   CONFIG         
                config                             2007     2007        2         4

        CLASS   IDLOC          
                idloc                              2000     2000        4         5

        CLASS   EEDATA         

        CLASS   STACK          



SEGMENTS        Name                           Load    Length   Top    Selector   Space  Class     Delta

                reset_vec                      000000  000003  000003         0       0  CODE        2
                intentry                       000004  0000EB  0000EF         8       0  CODE        2
                cstackBANK0                    000020  00001D  00003D        20       1  BANK0       1
                cstackCOMMON                   000070  00000B  00007B        70       1  COMMON      1
                strings                        000100  000072  000172       200       0  STRING      2
                text3                          000172  00021C  00038E       2E4       0  CODE        2


UNUSED ADDRESS RANGES

        Name                Unused          Largest block    Delta
        BANK0            003D-006F             33           1
        BANK1            00A0-00EF             50           1
        BANK2            0110-016F             60           1
        BANK3            0190-01EF             60           1
        CODE             0003-0003              1           2
                         00EF-00FF             11
                         038E-1FFF            800
        COMMON           007B-007D              3           1
        CONST            0003-0003              1           2
                         00EF-00FF             11
                         038E-1FFF            100
        EEDATA           2100-21FF            100           2
        ENTRY            0003-0003              1           2
                         00EF-00FF             11
                         038E-1FFF            100
        RAM              003D-006F             33           1
                         00A0-00EF             50
                         0110-016F             60
                         0190-01EF             60
        SFR0             0000-001F             20           1
        SFR1             0080-009F             20           1
        SFR2             0100-010F             10           1
        SFR3             0180-018F             10           1
        STRCODE          0003-0003              1           2
                         00EF-00FF             11
                         038E-1FFF           1C72
        STRING           0003-0003              1           2
                         00EF-00FF             11
                         038E-1FFF            100

                                  Symbol Table

?___lwdiv                cstackBANK0  0020
?___lwmod                cstackBANK0  0020
Imprimir@texto           cstackBANK0  0020
_ADCON0bits              (abs)        001F
_ADCON1bits              (abs)        009F
_ADRESH                  (abs)        001E
_ANSEL                   (abs)        0188
_ANSELH                  (abs)        0189
_BAUDCTLbits             (abs)        0187
_INTCONbits              (abs)        000B
_Imprimir                text6        0342
_OSCCONbits              (abs)        008F
_PIE1bits                (abs)        008C
_PIR1bits                (abs)        000C
_PORTA                   (abs)        0005
_PORTB                   (abs)        0006
_RCREG                   (abs)        001A
_RCSTAbits               (abs)        0018
_SPBRG                   (abs)        0099
_SPBRGH                  (abs)        009A
_TRISA                   (abs)        0085
_TRISB                   (abs)        0086
_TXIF                    (abs)        0064
_TXREG                   (abs)        0019
_TXSTAbits               (abs)        0098
__Habs1                  abs1         0000
__Hbank0                 bank0        0000
__Hbank1                 bank1        0000
__Hbank2                 bank2        0000
__Hbank3                 bank3        0000
__HbssBANK0              bssBANK0     0000
__HbssCOMMON             bssCOMMON    0000
__Hcinit                 cinit        0020
__Hclrtext               clrtext      0000
__Hcode                  code         0000
__Hcommon                common       0000
__Hconfig                config       2009
__HcstackBANK0           cstackBANK0  0000
__HcstackCOMMON          cstackCOMMON 0000
__Heeprom_data           eeprom_data  0000
__Hend_init              end_init     0013
__Hfunctab               functab      0000
__Hidloc                 idloc        2004
__Hinit                  init         0010
__Hintentry              intentry     0010
__Hmaintext              maintext     0000
__Hpowerup               powerup      0000
__Hram                   ram          0000
__Hreset_vec             reset_vec    0003
__Hsfr0                  sfr0         0000
__Hsfr1                  sfr1         0000
__Hsfr2                  sfr2         0000
__Hsfr3                  sfr3         0000
__Hspace_0               (abs)        038E
__Hspace_1               (abs)        007B
__Hspace_2               (abs)        0000
__Hspace_3               (abs)        0000
__Hspace_4               (abs)        4010
__Hstack                 stack        0000
__Hstrings               strings      0000
__Htext                  text         0000
__Labs1                  abs1         0000
__Lbank0                 bank0        0000
__Lbank1                 bank1        0000
__Lbank2                 bank2        0000
__Lbank3                 bank3        0000
__LbssBANK0              bssBANK0     0000
__LbssCOMMON             bssCOMMON    0000
__Lcinit                 cinit        0013
__Lclrtext               clrtext      0000
__Lcode                  code         0000
__Lcommon                common       0000
__Lconfig                config       0000
__LcstackBANK0           cstackBANK0  0000
__LcstackCOMMON          cstackCOMMON 0000
__Leeprom_data           eeprom_data  0000
__Lend_init              end_init     0010
__Lfunctab               functab      0000
__Lidloc                 idloc        0000
__Linit                  init         0010
__Lintentry              intentry     0004
__Lmaintext              maintext     0000
__Lpowerup               powerup      0000
__Lram                   ram          0000
__Lreset_vec             reset_vec    0000
__Lsfr0                  sfr0         0000
__Lsfr1                  sfr1         0000
__Lsfr2                  sfr2         0000
__Lsfr3                  sfr3         0000
__Lspace_0               (abs)        0000
__Lspace_1               (abs)        0000
__Lspace_2               (abs)        0000
__Lspace_3               (abs)        0000
__Lspace_4               (abs)        0000
__Lstack                 stack        0000
__Lstrings               strings      0000
__Ltext                  text         0000
__S0                     (abs)        038E
__S1                     (abs)        007B
__S3                     (abs)        0000
___int_sp                stack        0000
___latbits               (abs)        0002
___lwdiv                 text5        029A
___lwdiv@counter         cstackBANK0  0027
___lwdiv@dividend        cstackBANK0  0022
___lwdiv@divisor         cstackBANK0  0020
___lwdiv@quotient        cstackBANK0  0025
___lwmod                 text4        02E0
___lwmod@counter         cstackBANK0  0025
___lwmod@dividend        cstackBANK0  0022
___lwmod@divisor         cstackBANK0  0020
___sp                    stack        0000
___stackhi               (abs)        0000
___stacklo               (abs)        0000
__end_of_Imprimir        text6        0368
__end_of___lwdiv         text5        02E0
__end_of___lwmod         text4        031C
__end_of__initialization cinit        001C
__end_of__stringtab      strings      0110
__end_of_isr             text7        024A
__end_of_itoa            text2        0342
__end_of_main            maintext     00EF
__end_of_setup           text1        029A
__end_of_utoa            text3        01E4
__end_ofi1_Imprimir      text8        038E
__initialization         cinit        0013
__pbssBANK0              bssBANK0     0039
__pbssCOMMON             bssCOMMON    0078
__pcstackBANK0           cstackBANK0  0020
__pcstackCOMMON          cstackCOMMON 0070
__pintentry              intentry     0004
__pmaintext              maintext     0020
__pstrings               strings      0100
__ptext1                 text1        024A
__ptext2                 text2        031C
__ptext3                 text3        0172
__ptext4                 text4        02E0
__ptext5                 text5        029A
__ptext6                 text6        0342
__ptext7                 text7        01E4
__ptext8                 text8        0368
__stringbase             strings      010F
__stringtab              strings      0100
_cadena_potenciometro    bssBANK0     003C
_estado                  bssCOMMON    0078
_isr                     text7        01E4
_itoa                    text2        031C
_main                    maintext     0020
_mensaje                 bssCOMMON    007A
_potenciometro           bssBANK0     0039
_seleccion               bssBANK0     003B
_setup                   text1        024A
_utoa                    text3        0172
btemp                    (abs)        007E
end_of_initialization    cinit        001C
i1Imprimir@texto         cstackCOMMON 0070
i1_Imprimir              text8        0368
interrupt_function       intentry     0004
intlevel0                functab      0000
intlevel1                functab      0000
intlevel2                functab      0000
intlevel3                functab      0000
intlevel4                functab      0000
intlevel5                functab      0000
itoa@base                cstackBANK0  0033
itoa@buf                 cstackBANK0  0036
itoa@val                 cstackBANK0  0031
reset_vec                reset_vec    0000
saved_w                  (abs)        007E
start                    init         0010
start_initialization     cinit        0013
utoa@base                cstackBANK0  002A
utoa@buf                 cstackBANK0  0030
utoa@c                   cstackBANK0  002F
utoa@v                   cstackBANK0  002D
utoa@val                 cstackBANK0  0028
wtemp0                   (abs)        007E


MODULE INFORMATION

Module		Function		Class		Link	Load	Size
C:\Program Files\Microchip\xc8\v2.35\pic\sources\c90\common\lwdiv.c
		___lwdiv       		CODE           	029A	0000	70

C:\Program Files\Microchip\xc8\v2.35\pic\sources\c90\common\lwdiv.c estimated size: 70

PostLab10.c
		_main          		CODE           	0020	0000	207
		_isr           		CODE           	01E4	0000	102
		_Imprimir      		CODE           	0342	0000	38
		_setup         		CODE           	024A	0000	80

PostLab10.c estimated size: 427

C:\Program Files\Microchip\xc8\v2.35\pic\sources\c90\common\itoa.c
		_itoa          		CODE           	031C	0000	38
		_utoa          		CODE           	0172	0000	114

C:\Program Files\Microchip\xc8\v2.35\pic\sources\c90\common\itoa.c estimated size: 152

shared
		__stringtab    		STRING         	0100	0000	16
		__initialization		CODE           	0013	0000	9
		i1_Imprimir    		CODE           	0368	0000	38

shared estimated size: 63

C:\Program Files\Microchip\xc8\v2.35\pic\sources\c90\common\lwmod.c
		___lwmod       		CODE           	02E0	0000	60

C:\Program Files\Microchip\xc8\v2.35\pic\sources\c90\common\lwmod.c estimated size: 60

